{
    "Params: --analysis 'germline' --variant_type 'structural' --method 'truvari' --liftover 'test'": {
        "content": [
            57,
            null,
            [
                "pipeline_info",
                "pipeline_info/nf_core_variantbenchmarking_software_mqc_versions.yml",
                "references",
                "references/dictionary",
                "references/dictionary/genome.dict",
                "structural",
                "structural/HG002",
                "structural/HG002/preprocess",
                "structural/HG002/preprocess/HG002.vcf.gz",
                "structural/HG002/preprocess/HG002.vcf.gz.tbi",
                "structural/HG002/stats",
                "structural/HG002/stats/bcftools",
                "structural/HG002/stats/bcftools/HG002.bcftools_stats.txt",
                "structural/HG002/stats/survivor",
                "structural/HG002/stats/survivor/HG002_mqc.stats",
                "structural/multiqc",
                "structural/multiqc/multiqc_data",
                "structural/multiqc/multiqc_data/bcftools_stats_indel-lengths.txt",
                "structural/multiqc/multiqc_data/bcftools_stats_vqc_Count_Indels.txt",
                "structural/multiqc/multiqc_data/bcftools_stats_vqc_Count_SNP.txt",
                "structural/multiqc/multiqc_data/bcftools_stats_vqc_Count_Transitions.txt",
                "structural/multiqc/multiqc_data/bcftools_stats_vqc_Count_Transversions.txt",
                "structural/multiqc/multiqc_data/multiqc.log",
                "structural/multiqc/multiqc_data/multiqc_bcftools_stats.txt",
                "structural/multiqc/multiqc_data/multiqc_citations.txt",
                "structural/multiqc/multiqc_data/multiqc_data.json",
                "structural/multiqc/multiqc_data/multiqc_general_stats.txt",
                "structural/multiqc/multiqc_data/multiqc_software_versions.txt",
                "structural/multiqc/multiqc_data/multiqc_sources.txt",
                "structural/multiqc/multiqc_data/multiqc_survivor.txt",
                "structural/multiqc/multiqc_plots",
                "structural/multiqc/multiqc_plots/pdf",
                "structural/multiqc/multiqc_plots/pdf/bcftools_stats_indel-lengths.pdf",
                "structural/multiqc/multiqc_plots/pdf/bcftools_stats_vqc_Count_Indels.pdf",
                "structural/multiqc/multiqc_plots/pdf/bcftools_stats_vqc_Count_SNP.pdf",
                "structural/multiqc/multiqc_plots/pdf/bcftools_stats_vqc_Count_Transitions.pdf",
                "structural/multiqc/multiqc_plots/pdf/bcftools_stats_vqc_Count_Transversions.pdf",
                "structural/multiqc/multiqc_plots/pdf/general_stats_table.pdf",
                "structural/multiqc/multiqc_plots/pdf/survivor-cnt.pdf",
                "structural/multiqc/multiqc_plots/pdf/survivor-pct.pdf",
                "structural/multiqc/multiqc_plots/png",
                "structural/multiqc/multiqc_plots/png/bcftools_stats_indel-lengths.png",
                "structural/multiqc/multiqc_plots/png/bcftools_stats_vqc_Count_Indels.png",
                "structural/multiqc/multiqc_plots/png/bcftools_stats_vqc_Count_SNP.png",
                "structural/multiqc/multiqc_plots/png/bcftools_stats_vqc_Count_Transitions.png",
                "structural/multiqc/multiqc_plots/png/bcftools_stats_vqc_Count_Transversions.png",
                "structural/multiqc/multiqc_plots/png/general_stats_table.png",
                "structural/multiqc/multiqc_plots/png/survivor-cnt.png",
                "structural/multiqc/multiqc_plots/png/survivor-pct.png",
                "structural/multiqc/multiqc_plots/svg",
                "structural/multiqc/multiqc_plots/svg/bcftools_stats_indel-lengths.svg",
                "structural/multiqc/multiqc_plots/svg/bcftools_stats_vqc_Count_Indels.svg",
                "structural/multiqc/multiqc_plots/svg/bcftools_stats_vqc_Count_SNP.svg",
                "structural/multiqc/multiqc_plots/svg/bcftools_stats_vqc_Count_Transitions.svg",
                "structural/multiqc/multiqc_plots/svg/bcftools_stats_vqc_Count_Transversions.svg",
                "structural/multiqc/multiqc_plots/svg/general_stats_table.svg",
                "structural/multiqc/multiqc_plots/svg/survivor-cnt.svg",
                "structural/multiqc/multiqc_plots/svg/survivor-pct.svg",
                "structural/multiqc/multiqc_report.html",
                "structural/summary",
                "structural/summary/comparisons",
                "structural/summary/comparisons/truvari.FN.csv",
                "structural/summary/comparisons/truvari.FP.csv",
                "structural/summary/comparisons/truvari.TP_base.csv",
                "structural/summary/comparisons/truvari.TP_comp.csv",
                "structural/summary/datavzrd",
                "structural/summary/datavzrd/truvari",
                "structural/summary/datavzrd/truvari/index.html",
                "structural/summary/datavzrd/truvari/static",
                "structural/summary/datavzrd/truvari/static/bootstrap-select.min.css",
                "structural/summary/datavzrd/truvari/static/bootstrap-table-fixed-columns.min.css",
                "structural/summary/datavzrd/truvari/static/bootstrap-table.min.css",
                "structural/summary/datavzrd/truvari/static/bootstrap.min.css",
                "structural/summary/datavzrd/truvari/static/bundle.js",
                "structural/summary/datavzrd/truvari/static/datavzrd.css",
                "structural/summary/datavzrd/truvari/test",
                "structural/summary/datavzrd/truvari/test/config.js",
                "structural/summary/datavzrd/truvari/test/data",
                "structural/summary/datavzrd/truvari/test/data/data_1.js",
                "structural/summary/datavzrd/truvari/test/functions.js",
                "structural/summary/datavzrd/truvari/test/heatmap.js",
                "structural/summary/datavzrd/truvari/test/index_1.html",
                "structural/summary/datavzrd/truvari/test/plots",
                "structural/summary/datavzrd/truvari/test/plots/plot_0.js",
                "structural/summary/datavzrd/truvari/test/plots/plot_1.js",
                "structural/summary/datavzrd/truvari/test/plots/plot_2.js",
                "structural/summary/datavzrd/truvari/test/plots/plot_3.js",
                "structural/summary/datavzrd/truvari/test/plots/plot_4.js",
                "structural/summary/datavzrd/truvari/test/plots/plot_5.js",
                "structural/summary/datavzrd/truvari/test/plots/plot_6.js",
                "structural/summary/datavzrd/truvari/test/plots/plot_7.js",
                "structural/summary/datavzrd/versions.yml",
                "structural/summary/plots",
                "structural/summary/plots/truvari",
                "structural/summary/plots/truvari/metric_by_tool_truvari_mqc.png",
                "structural/summary/plots/truvari/variants_by_tool_truvari_mqc.png",
                "structural/summary/tables",
                "structural/summary/tables/truvari",
                "structural/summary/tables/truvari/truvari.summary.csv",
                "structural/test1",
                "structural/test1/benchmarks",
                "structural/test1/benchmarks/truvari",
                "structural/test1/benchmarks/truvari/test1.HG002.delly.fn.vcf.gz",
                "structural/test1/benchmarks/truvari/test1.HG002.delly.fn.vcf.gz.tbi",
                "structural/test1/benchmarks/truvari/test1.HG002.delly.fp.vcf.gz",
                "structural/test1/benchmarks/truvari/test1.HG002.delly.fp.vcf.gz.tbi",
                "structural/test1/benchmarks/truvari/test1.HG002.delly.summary.json",
                "structural/test1/benchmarks/truvari/test1.HG002.delly.tp-base.vcf.gz",
                "structural/test1/benchmarks/truvari/test1.HG002.delly.tp-base.vcf.gz.tbi",
                "structural/test1/benchmarks/truvari/test1.HG002.delly.tp-comp.vcf.gz",
                "structural/test1/benchmarks/truvari/test1.HG002.delly.tp-comp.vcf.gz.tbi",
                "structural/test1/preprocess",
                "structural/test1/preprocess/test1.vcf.gz",
                "structural/test1/preprocess/test1.vcf.gz.tbi",
                "structural/test1/stats",
                "structural/test1/stats/bcftools",
                "structural/test1/stats/bcftools/test1.delly.bcftools_stats.txt",
                "structural/test1/stats/survivor",
                "structural/test1/stats/survivor/test1.delly_mqc.stats",
                "structural/test2",
                "structural/test2/benchmarks",
                "structural/test2/benchmarks/truvari",
                "structural/test2/benchmarks/truvari/test2.HG002.manta.fn.vcf.gz",
                "structural/test2/benchmarks/truvari/test2.HG002.manta.fn.vcf.gz.tbi",
                "structural/test2/benchmarks/truvari/test2.HG002.manta.fp.vcf.gz",
                "structural/test2/benchmarks/truvari/test2.HG002.manta.fp.vcf.gz.tbi",
                "structural/test2/benchmarks/truvari/test2.HG002.manta.summary.json",
                "structural/test2/benchmarks/truvari/test2.HG002.manta.tp-base.vcf.gz",
                "structural/test2/benchmarks/truvari/test2.HG002.manta.tp-base.vcf.gz.tbi",
                "structural/test2/benchmarks/truvari/test2.HG002.manta.tp-comp.vcf.gz",
                "structural/test2/benchmarks/truvari/test2.HG002.manta.tp-comp.vcf.gz.tbi",
                "structural/test2/preprocess",
                "structural/test2/preprocess/liftover",
                "structural/test2/preprocess/liftover/test2.reformatted.renamechr.vcf.gz",
                "structural/test2/preprocess/test2.vcf.gz",
                "structural/test2/preprocess/test2.vcf.gz.tbi",
                "structural/test2/stats",
                "structural/test2/stats/bcftools",
                "structural/test2/stats/bcftools/test2.manta.bcftools_stats.txt",
                "structural/test2/stats/survivor",
                "structural/test2/stats/survivor/test2.manta_mqc.stats"
            ],
            [
                "HG002.bcftools_stats.txt:md5,f63d8da43be98bae4e02c43966313e5c",
                "HG002_mqc.stats:md5,ba6a6398a99b95579872576cacde4c8c",
                "test1.delly.bcftools_stats.txt:md5,f204ab10d82b3cbc9ee51cb6ad548121",
                "test1.delly_mqc.stats:md5,e140ad55975c767578b0dd6aff58ba29",
                "test2.manta.bcftools_stats.txt:md5,0de1446278a5448b7dc5a02bcbf927a4",
                "test2.manta_mqc.stats:md5,1d74b41c6b970992e3a39682b0a68e23"
            ]
        ],
        "meta": {
            "nf-test": "0.9.2",
            "nextflow": "24.10.4"
        },
        "timestamp": "2025-01-29T16:59:49.763590382"
    }
}