{
    "Params: --analysis 'somatic' --variant_type 'structural' --method 'truvari,svbenchmark'": {
        "content": [
            37,
            null,
            [
                "pipeline_info",
                "pipeline_info/nf_core_variantbenchmarking_software_mqc_versions.yml",
                "structural",
                "structural/SEQC2",
                "structural/SEQC2/preprocess",
                "structural/SEQC2/preprocess/SEQC2.vcf.gz",
                "structural/SEQC2/preprocess/SEQC2.vcf.gz.tbi",
                "structural/SEQC2/stats",
                "structural/SEQC2/stats/bcftools",
                "structural/SEQC2/stats/bcftools/SEQC2.bcftools_stats.txt",
                "structural/SEQC2/stats/survivor",
                "structural/SEQC2/stats/survivor/SEQC2_mqc.stats",
                "structural/multiqc",
                "structural/multiqc/multiqc_data",
                "structural/multiqc/multiqc_data/bcftools-stats-subtypes.txt",
                "structural/multiqc/multiqc_data/bcftools_stats_indel-lengths.txt",
                "structural/multiqc/multiqc_data/bcftools_stats_variant_depths.txt",
                "structural/multiqc/multiqc_data/bcftools_stats_vqc_Count_Indels.txt",
                "structural/multiqc/multiqc_data/bcftools_stats_vqc_Count_SNP.txt",
                "structural/multiqc/multiqc_data/bcftools_stats_vqc_Count_Transitions.txt",
                "structural/multiqc/multiqc_data/bcftools_stats_vqc_Count_Transversions.txt",
                "structural/multiqc/multiqc_data/multiqc.log",
                "structural/multiqc/multiqc_data/multiqc_bcftools_stats.txt",
                "structural/multiqc/multiqc_data/multiqc_citations.txt",
                "structural/multiqc/multiqc_data/multiqc_data.json",
                "structural/multiqc/multiqc_data/multiqc_general_stats.txt",
                "structural/multiqc/multiqc_data/multiqc_software_versions.txt",
                "structural/multiqc/multiqc_data/multiqc_sources.txt",
                "structural/multiqc/multiqc_data/multiqc_survivor.txt",
                "structural/multiqc/multiqc_plots",
                "structural/multiqc/multiqc_plots/pdf",
                "structural/multiqc/multiqc_plots/pdf/bcftools-stats-subtypes-cnt.pdf",
                "structural/multiqc/multiqc_plots/pdf/bcftools-stats-subtypes-pct.pdf",
                "structural/multiqc/multiqc_plots/pdf/bcftools_stats_indel-lengths.pdf",
                "structural/multiqc/multiqc_plots/pdf/bcftools_stats_variant_depths.pdf",
                "structural/multiqc/multiqc_plots/pdf/bcftools_stats_vqc_Count_Indels.pdf",
                "structural/multiqc/multiqc_plots/pdf/bcftools_stats_vqc_Count_SNP.pdf",
                "structural/multiqc/multiqc_plots/pdf/bcftools_stats_vqc_Count_Transitions.pdf",
                "structural/multiqc/multiqc_plots/pdf/bcftools_stats_vqc_Count_Transversions.pdf",
                "structural/multiqc/multiqc_plots/pdf/general_stats_table.pdf",
                "structural/multiqc/multiqc_plots/pdf/survivor-cnt.pdf",
                "structural/multiqc/multiqc_plots/pdf/survivor-pct.pdf",
                "structural/multiqc/multiqc_plots/png",
                "structural/multiqc/multiqc_plots/png/bcftools-stats-subtypes-cnt.png",
                "structural/multiqc/multiqc_plots/png/bcftools-stats-subtypes-pct.png",
                "structural/multiqc/multiqc_plots/png/bcftools_stats_indel-lengths.png",
                "structural/multiqc/multiqc_plots/png/bcftools_stats_variant_depths.png",
                "structural/multiqc/multiqc_plots/png/bcftools_stats_vqc_Count_Indels.png",
                "structural/multiqc/multiqc_plots/png/bcftools_stats_vqc_Count_SNP.png",
                "structural/multiqc/multiqc_plots/png/bcftools_stats_vqc_Count_Transitions.png",
                "structural/multiqc/multiqc_plots/png/bcftools_stats_vqc_Count_Transversions.png",
                "structural/multiqc/multiqc_plots/png/general_stats_table.png",
                "structural/multiqc/multiqc_plots/png/survivor-cnt.png",
                "structural/multiqc/multiqc_plots/png/survivor-pct.png",
                "structural/multiqc/multiqc_plots/svg",
                "structural/multiqc/multiqc_plots/svg/bcftools-stats-subtypes-cnt.svg",
                "structural/multiqc/multiqc_plots/svg/bcftools-stats-subtypes-pct.svg",
                "structural/multiqc/multiqc_plots/svg/bcftools_stats_indel-lengths.svg",
                "structural/multiqc/multiqc_plots/svg/bcftools_stats_variant_depths.svg",
                "structural/multiqc/multiqc_plots/svg/bcftools_stats_vqc_Count_Indels.svg",
                "structural/multiqc/multiqc_plots/svg/bcftools_stats_vqc_Count_SNP.svg",
                "structural/multiqc/multiqc_plots/svg/bcftools_stats_vqc_Count_Transitions.svg",
                "structural/multiqc/multiqc_plots/svg/bcftools_stats_vqc_Count_Transversions.svg",
                "structural/multiqc/multiqc_plots/svg/general_stats_table.svg",
                "structural/multiqc/multiqc_plots/svg/survivor-cnt.svg",
                "structural/multiqc/multiqc_plots/svg/survivor-pct.svg",
                "structural/multiqc/multiqc_report.html",
                "structural/summary",
                "structural/summary/comparisons",
                "structural/summary/comparisons/svbenchmark.FN.csv",
                "structural/summary/comparisons/svbenchmark.FP.csv",
                "structural/summary/datavzrd",
                "structural/summary/datavzrd/svbenchmark",
                "structural/summary/datavzrd/svbenchmark/index.html",
                "structural/summary/datavzrd/svbenchmark/static",
                "structural/summary/datavzrd/svbenchmark/static/bootstrap-select.min.css",
                "structural/summary/datavzrd/svbenchmark/static/bootstrap-table-fixed-columns.min.css",
                "structural/summary/datavzrd/svbenchmark/static/bootstrap-table.min.css",
                "structural/summary/datavzrd/svbenchmark/static/bootstrap.min.css",
                "structural/summary/datavzrd/svbenchmark/static/bundle.js",
                "structural/summary/datavzrd/svbenchmark/static/datavzrd.css",
                "structural/summary/datavzrd/svbenchmark/test",
                "structural/summary/datavzrd/svbenchmark/test/config.js",
                "structural/summary/datavzrd/svbenchmark/test/data",
                "structural/summary/datavzrd/svbenchmark/test/data/data_1.js",
                "structural/summary/datavzrd/svbenchmark/test/functions.js",
                "structural/summary/datavzrd/svbenchmark/test/heatmap.js",
                "structural/summary/datavzrd/svbenchmark/test/index_1.html",
                "structural/summary/datavzrd/svbenchmark/test/plots",
                "structural/summary/datavzrd/svbenchmark/test/plots/plot_0.js",
                "structural/summary/datavzrd/svbenchmark/test/plots/plot_1.js",
                "structural/summary/datavzrd/svbenchmark/test/plots/plot_2.js",
                "structural/summary/datavzrd/svbenchmark/test/plots/plot_3.js",
                "structural/summary/datavzrd/svbenchmark/test/plots/plot_4.js",
                "structural/summary/datavzrd/svbenchmark/test/plots/plot_5.js",
                "structural/summary/datavzrd/svbenchmark/test/plots/plot_6.js",
                "structural/summary/datavzrd/svbenchmark/test/plots/plot_7.js",
                "structural/summary/datavzrd/versions.yml",
                "structural/summary/plots",
                "structural/summary/plots/svbenchmark",
                "structural/summary/plots/svbenchmark/metric_by_tool_svbenchmark_mqc.png",
                "structural/summary/plots/svbenchmark/variants_by_tool_svbenchmark_mqc.png",
                "structural/summary/tables",
                "structural/summary/tables/svbenchmark",
                "structural/summary/tables/svbenchmark/svbenchmark.summary.csv",
                "structural/test1",
                "structural/test1/benchmarks",
                "structural/test1/benchmarks/svanalyzer",
                "structural/test1/benchmarks/svanalyzer/test1.SEQC2.freebayes.distances",
                "structural/test1/benchmarks/svanalyzer/test1.SEQC2.freebayes.falsenegatives.vcf.gz",
                "structural/test1/benchmarks/svanalyzer/test1.SEQC2.freebayes.falsepositives.vcf.gz",
                "structural/test1/benchmarks/svanalyzer/test1.SEQC2.freebayes.log",
                "structural/test1/benchmarks/svanalyzer/test1.SEQC2.freebayes.report",
                "structural/test1/preprocess",
                "structural/test1/preprocess/test1.vcf.gz",
                "structural/test1/preprocess/test1.vcf.gz.tbi",
                "structural/test1/stats",
                "structural/test1/stats/bcftools",
                "structural/test1/stats/bcftools/test1.freebayes.bcftools_stats.txt",
                "structural/test1/stats/survivor",
                "structural/test1/stats/survivor/test1.freebayes_mqc.stats",
                "structural/test2",
                "structural/test2/benchmarks",
                "structural/test2/benchmarks/svanalyzer",
                "structural/test2/benchmarks/svanalyzer/test2.SEQC2.strelka.distances",
                "structural/test2/benchmarks/svanalyzer/test2.SEQC2.strelka.falsenegatives.vcf.gz",
                "structural/test2/benchmarks/svanalyzer/test2.SEQC2.strelka.falsepositives.vcf.gz",
                "structural/test2/benchmarks/svanalyzer/test2.SEQC2.strelka.log",
                "structural/test2/benchmarks/svanalyzer/test2.SEQC2.strelka.report",
                "structural/test2/preprocess",
                "structural/test2/preprocess/test2.vcf.gz",
                "structural/test2/preprocess/test2.vcf.gz.tbi",
                "structural/test2/stats",
                "structural/test2/stats/bcftools",
                "structural/test2/stats/bcftools/test2.strelka.bcftools_stats.txt",
                "structural/test2/stats/survivor",
                "structural/test2/stats/survivor/test2.strelka_mqc.stats"
            ],
            [
                "SEQC2.bcftools_stats.txt:md5,e1a7c33b75d3e2688ba48b1b9975b467",
                "SEQC2_mqc.stats:md5,cb253f3829a25286d572c91a9ea75e9e",
                "test1.SEQC2.freebayes.distances:md5,346f18a5cbeece98716951c8fc2aaea4",
                "test1.SEQC2.freebayes.report:md5,8140e61dd8527ba0cbd63cb52aa93219",
                "test1.freebayes.bcftools_stats.txt:md5,4a7f705c0411cf01c3ec0914b945dcfd",
                "test1.freebayes_mqc.stats:md5,d7782c48b7721cc5a707ed913f7df910",
                "test2.SEQC2.strelka.distances:md5,346f18a5cbeece98716951c8fc2aaea4",
                "test2.SEQC2.strelka.report:md5,151562898a99713affbcb3e834d824ad",
                "test2.strelka.bcftools_stats.txt:md5,1d41ebd0fd21a2a3d204b4ce390db815",
                "test2.strelka_mqc.stats:md5,ec044ea659043ecbc5a140d040d871c6"
            ]
        ],
        "meta": {
            "nf-test": "0.9.2",
            "nextflow": "24.10.4"
        },
        "timestamp": "2025-02-04T10:56:57.458901208"
    }
}