{
    "Params: --analysis 'germline' --variant_type 'structural' --method 'svanalyzer'": {
        "content": [
            52,
            null,
            [
                "pipeline_info",
                "pipeline_info/nf_core_variantbenchmarking_software_mqc_versions.yml",
                "structural",
                "structural/HG002",
                "structural/HG002/preprocess",
                "structural/HG002/preprocess/HG002.vcf.gz",
                "structural/HG002/preprocess/HG002.vcf.gz.tbi",
                "structural/HG002/stats",
                "structural/HG002/stats/bcftools",
                "structural/HG002/stats/bcftools/HG002.bcftools_stats.txt",
                "structural/HG002/stats/survivor",
                "structural/HG002/stats/survivor/HG002_mqc.stats",
                "structural/multiqc",
                "structural/multiqc/multiqc_data",
                "structural/multiqc/multiqc_data/bcftools_stats_indel-lengths.txt",
                "structural/multiqc/multiqc_data/bcftools_stats_vqc_Count_Indels.txt",
                "structural/multiqc/multiqc_data/bcftools_stats_vqc_Count_SNP.txt",
                "structural/multiqc/multiqc_data/bcftools_stats_vqc_Count_Transitions.txt",
                "structural/multiqc/multiqc_data/bcftools_stats_vqc_Count_Transversions.txt",
                "structural/multiqc/multiqc_data/multiqc.log",
                "structural/multiqc/multiqc_data/multiqc_bcftools_stats.txt",
                "structural/multiqc/multiqc_data/multiqc_citations.txt",
                "structural/multiqc/multiqc_data/multiqc_data.json",
                "structural/multiqc/multiqc_data/multiqc_general_stats.txt",
                "structural/multiqc/multiqc_data/multiqc_software_versions.txt",
                "structural/multiqc/multiqc_data/multiqc_sources.txt",
                "structural/multiqc/multiqc_data/multiqc_survivor.txt",
                "structural/multiqc/multiqc_plots",
                "structural/multiqc/multiqc_plots/pdf",
                "structural/multiqc/multiqc_plots/pdf/bcftools_stats_indel-lengths.pdf",
                "structural/multiqc/multiqc_plots/pdf/bcftools_stats_vqc_Count_Indels.pdf",
                "structural/multiqc/multiqc_plots/pdf/bcftools_stats_vqc_Count_SNP.pdf",
                "structural/multiqc/multiqc_plots/pdf/bcftools_stats_vqc_Count_Transitions.pdf",
                "structural/multiqc/multiqc_plots/pdf/bcftools_stats_vqc_Count_Transversions.pdf",
                "structural/multiqc/multiqc_plots/pdf/general_stats_table.pdf",
                "structural/multiqc/multiqc_plots/pdf/survivor-cnt.pdf",
                "structural/multiqc/multiqc_plots/pdf/survivor-pct.pdf",
                "structural/multiqc/multiqc_plots/png",
                "structural/multiqc/multiqc_plots/png/bcftools_stats_indel-lengths.png",
                "structural/multiqc/multiqc_plots/png/bcftools_stats_vqc_Count_Indels.png",
                "structural/multiqc/multiqc_plots/png/bcftools_stats_vqc_Count_SNP.png",
                "structural/multiqc/multiqc_plots/png/bcftools_stats_vqc_Count_Transitions.png",
                "structural/multiqc/multiqc_plots/png/bcftools_stats_vqc_Count_Transversions.png",
                "structural/multiqc/multiqc_plots/png/general_stats_table.png",
                "structural/multiqc/multiqc_plots/png/survivor-cnt.png",
                "structural/multiqc/multiqc_plots/png/survivor-pct.png",
                "structural/multiqc/multiqc_plots/svg",
                "structural/multiqc/multiqc_plots/svg/bcftools_stats_indel-lengths.svg",
                "structural/multiqc/multiqc_plots/svg/bcftools_stats_vqc_Count_Indels.svg",
                "structural/multiqc/multiqc_plots/svg/bcftools_stats_vqc_Count_SNP.svg",
                "structural/multiqc/multiqc_plots/svg/bcftools_stats_vqc_Count_Transitions.svg",
                "structural/multiqc/multiqc_plots/svg/bcftools_stats_vqc_Count_Transversions.svg",
                "structural/multiqc/multiqc_plots/svg/general_stats_table.svg",
                "structural/multiqc/multiqc_plots/svg/survivor-cnt.svg",
                "structural/multiqc/multiqc_plots/svg/survivor-pct.svg",
                "structural/multiqc/multiqc_report.html",
                "structural/summary",
                "structural/summary/comparisons",
                "structural/summary/comparisons/svbenchmark.FN.csv",
                "structural/summary/comparisons/svbenchmark.FP.csv",
                "structural/summary/datavzrd",
                "structural/summary/datavzrd/svbenchmark",
                "structural/summary/datavzrd/svbenchmark/index.html",
                "structural/summary/datavzrd/svbenchmark/static",
                "structural/summary/datavzrd/svbenchmark/static/bootstrap-select.min.css",
                "structural/summary/datavzrd/svbenchmark/static/bootstrap-table-fixed-columns.min.css",
                "structural/summary/datavzrd/svbenchmark/static/bootstrap-table.min.css",
                "structural/summary/datavzrd/svbenchmark/static/bootstrap.min.css",
                "structural/summary/datavzrd/svbenchmark/static/bundle.js",
                "structural/summary/datavzrd/svbenchmark/static/datavzrd.css",
                "structural/summary/datavzrd/svbenchmark/test",
                "structural/summary/datavzrd/svbenchmark/test/config.js",
                "structural/summary/datavzrd/svbenchmark/test/data",
                "structural/summary/datavzrd/svbenchmark/test/data/data_1.js",
                "structural/summary/datavzrd/svbenchmark/test/functions.js",
                "structural/summary/datavzrd/svbenchmark/test/heatmap.js",
                "structural/summary/datavzrd/svbenchmark/test/index_1.html",
                "structural/summary/datavzrd/svbenchmark/test/plots",
                "structural/summary/datavzrd/svbenchmark/test/plots/plot_0.js",
                "structural/summary/datavzrd/svbenchmark/test/plots/plot_1.js",
                "structural/summary/datavzrd/svbenchmark/test/plots/plot_2.js",
                "structural/summary/datavzrd/svbenchmark/test/plots/plot_3.js",
                "structural/summary/datavzrd/svbenchmark/test/plots/plot_4.js",
                "structural/summary/datavzrd/svbenchmark/test/plots/plot_5.js",
                "structural/summary/datavzrd/svbenchmark/test/plots/plot_6.js",
                "structural/summary/datavzrd/svbenchmark/test/plots/plot_7.js",
                "structural/summary/datavzrd/versions.yml",
                "structural/summary/plots",
                "structural/summary/plots/svbenchmark",
                "structural/summary/plots/svbenchmark/metric_by_tool_svbenchmark_mqc.png",
                "structural/summary/plots/svbenchmark/variants_by_tool_svbenchmark_mqc.png",
                "structural/summary/tables",
                "structural/summary/tables/svbenchmark",
                "structural/summary/tables/svbenchmark/svbenchmark.summary.csv",
                "structural/test1",
                "structural/test1/benchmarks",
                "structural/test1/benchmarks/svanalyzer",
                "structural/test1/benchmarks/svanalyzer/test1.HG002.delly.distances",
                "structural/test1/benchmarks/svanalyzer/test1.HG002.delly.falsenegatives.vcf.gz",
                "structural/test1/benchmarks/svanalyzer/test1.HG002.delly.falsepositives.vcf.gz",
                "structural/test1/benchmarks/svanalyzer/test1.HG002.delly.log",
                "structural/test1/benchmarks/svanalyzer/test1.HG002.delly.report",
                "structural/test1/preprocess",
                "structural/test1/preprocess/test1.vcf.gz",
                "structural/test1/preprocess/test1.vcf.gz.tbi",
                "structural/test1/stats",
                "structural/test1/stats/bcftools",
                "structural/test1/stats/bcftools/test1.delly.bcftools_stats.txt",
                "structural/test1/stats/survivor",
                "structural/test1/stats/survivor/test1.delly_mqc.stats",
                "structural/test2",
                "structural/test2/benchmarks",
                "structural/test2/benchmarks/svanalyzer",
                "structural/test2/benchmarks/svanalyzer/test2.HG002.lumpy.distances",
                "structural/test2/benchmarks/svanalyzer/test2.HG002.lumpy.falsenegatives.vcf.gz",
                "structural/test2/benchmarks/svanalyzer/test2.HG002.lumpy.falsepositives.vcf.gz",
                "structural/test2/benchmarks/svanalyzer/test2.HG002.lumpy.log",
                "structural/test2/benchmarks/svanalyzer/test2.HG002.lumpy.report",
                "structural/test2/preprocess",
                "structural/test2/preprocess/test2.vcf.gz",
                "structural/test2/preprocess/test2.vcf.gz.tbi",
                "structural/test2/stats",
                "structural/test2/stats/bcftools",
                "structural/test2/stats/bcftools/test2.lumpy.bcftools_stats.txt",
                "structural/test2/stats/survivor",
                "structural/test2/stats/survivor/test2.lumpy_mqc.stats",
                "structural/test3",
                "structural/test3/benchmarks",
                "structural/test3/benchmarks/svanalyzer",
                "structural/test3/benchmarks/svanalyzer/test3.HG002.manta.distances",
                "structural/test3/benchmarks/svanalyzer/test3.HG002.manta.falsenegatives.vcf.gz",
                "structural/test3/benchmarks/svanalyzer/test3.HG002.manta.falsepositives.vcf.gz",
                "structural/test3/benchmarks/svanalyzer/test3.HG002.manta.log",
                "structural/test3/benchmarks/svanalyzer/test3.HG002.manta.report",
                "structural/test3/preprocess",
                "structural/test3/preprocess/test3.vcf.gz",
                "structural/test3/preprocess/test3.vcf.gz.tbi",
                "structural/test3/stats",
                "structural/test3/stats/bcftools",
                "structural/test3/stats/bcftools/test3.manta.bcftools_stats.txt",
                "structural/test3/stats/survivor",
                "structural/test3/stats/survivor/test3.manta_mqc.stats"
            ],
            [
                "HG002.bcftools_stats.txt:md5,12b09b32a2793b52830091a5895e00d0",
                "HG002_mqc.stats:md5,ba6a6398a99b95579872576cacde4c8c",
                "test1.HG002.delly.distances:md5,a726347df41ebafd480e274105926606",
                "test1.HG002.delly.report:md5,578be6e52289fba8a2949788d6c09d4f",
                "test1.delly.bcftools_stats.txt:md5,209604ebf522660875a29723798e03ae",
                "test1.delly_mqc.stats:md5,6e79c2fe59f011aedc63a6286ef85001",
                "test2.HG002.lumpy.distances:md5,0f8f3a33cfaa22913b1e76596c6886f1",
                "test2.HG002.lumpy.report:md5,2ce78dd8de9f8afcd4ed666a3c50f8aa",
                "test2.lumpy.bcftools_stats.txt:md5,793655055cdb78556ae6b8e126ff743f",
                "test2.lumpy_mqc.stats:md5,6a22796091a559398e14325a4349f19e",
                "test3.HG002.manta.distances:md5,8bbecb45e074b416152b4b43fbad8878",
                "test3.HG002.manta.report:md5,7931e8a4f87ea471d6128af55b50febb",
                "test3.manta.bcftools_stats.txt:md5,a3f6a0e9aa7dbade8528836d3a2c8c85",
                "test3.manta_mqc.stats:md5,c6d5b9f40c4aa8c7b30155464eb52e3c"
            ]
        ],
        "meta": {
            "nf-test": "0.9.2",
            "nextflow": "24.10.4"
        },
        "timestamp": "2025-01-31T15:19:18.268710518"
    },
    "-stub": {
        "content": [
            52,
            null,
            [
                "pipeline_info",
                "pipeline_info/nf_core_variantbenchmarking_software_mqc_versions.yml",
                "structural",
                "structural/HG002",
                "structural/HG002/preprocess",
                "structural/HG002/preprocess/HG002.vcf.gz",
                "structural/HG002/preprocess/HG002.vcf.gz.tbi",
                "structural/HG002/stats",
                "structural/HG002/stats/bcftools",
                "structural/HG002/stats/bcftools/HG002.bcftools_stats.txt",
                "structural/HG002/stats/survivor",
                "structural/HG002/stats/survivor/HG002_mqc.stats",
                "structural/multiqc",
                "structural/multiqc/multiqc_data",
                "structural/multiqc/multiqc_plots",
                "structural/multiqc/multiqc_report.html",
                "structural/summary",
                "structural/summary/comparisons",
                "structural/summary/comparisons/svbenchmark.FN.csv",
                "structural/summary/comparisons/svbenchmark.FP.csv",
                "structural/summary/datavzrd",
                "structural/summary/datavzrd/svbenchmark",
                "structural/summary/datavzrd/svbenchmark/index.html",
                "structural/summary/datavzrd/svbenchmark/network",
                "structural/summary/datavzrd/svbenchmark/network/config.js",
                "structural/summary/datavzrd/svbenchmark/network/data",
                "structural/summary/datavzrd/svbenchmark/network/data/data_1.js",
                "structural/summary/datavzrd/svbenchmark/network/functions.js",
                "structural/summary/datavzrd/svbenchmark/network/heatmap.js",
                "structural/summary/datavzrd/svbenchmark/network/index_1.html",
                "structural/summary/datavzrd/svbenchmark/network/plots",
                "structural/summary/datavzrd/svbenchmark/network/plots/plot_0.js",
                "structural/summary/datavzrd/svbenchmark/static",
                "structural/summary/datavzrd/svbenchmark/static/bootstrap-select.min.css",
                "structural/summary/datavzrd/svbenchmark/static/bootstrap-table-fixed-columns.min.css",
                "structural/summary/datavzrd/svbenchmark/static/bootstrap-table.min.css",
                "structural/summary/datavzrd/svbenchmark/static/bootstrap.min.css",
                "structural/summary/datavzrd/svbenchmark/static/bundle.js",
                "structural/summary/datavzrd/svbenchmark/static/datavzrd.css",
                "structural/summary/datavzrd/versions.yml",
                "structural/summary/plots",
                "structural/summary/plots/svbenchmark",
                "structural/summary/plots/svbenchmark/metric_by_tool_svbenchmark_mqc.png",
                "structural/summary/plots/svbenchmark/variants_by_tool_svbenchmark_mqc.png",
                "structural/summary/tables",
                "structural/summary/tables/svbenchmark",
                "structural/summary/tables/svbenchmark/svbenchmark.regions.csv",
                "structural/summary/tables/svbenchmark/svbenchmark.summary.csv",
                "structural/test1",
                "structural/test1/benchmarks",
                "structural/test1/benchmarks/svanalyzer",
                "structural/test1/benchmarks/svanalyzer/test1.HG002.delly.distances",
                "structural/test1/benchmarks/svanalyzer/test1.HG002.delly.falsenegatives.vcf.gz",
                "structural/test1/benchmarks/svanalyzer/test1.HG002.delly.falsepositives.vcf.gz",
                "structural/test1/benchmarks/svanalyzer/test1.HG002.delly.log",
                "structural/test1/benchmarks/svanalyzer/test1.HG002.delly.report",
                "structural/test1/preprocess",
                "structural/test1/preprocess/test1.vcf.gz",
                "structural/test1/preprocess/test1.vcf.gz.tbi",
                "structural/test1/stats",
                "structural/test1/stats/bcftools",
                "structural/test1/stats/bcftools/test1.delly.bcftools_stats.txt",
                "structural/test1/stats/survivor",
                "structural/test1/stats/survivor/test1.delly_mqc.stats",
                "structural/test2",
                "structural/test2/benchmarks",
                "structural/test2/benchmarks/svanalyzer",
                "structural/test2/benchmarks/svanalyzer/test2.HG002.lumpy.distances",
                "structural/test2/benchmarks/svanalyzer/test2.HG002.lumpy.falsenegatives.vcf.gz",
                "structural/test2/benchmarks/svanalyzer/test2.HG002.lumpy.falsepositives.vcf.gz",
                "structural/test2/benchmarks/svanalyzer/test2.HG002.lumpy.log",
                "structural/test2/benchmarks/svanalyzer/test2.HG002.lumpy.report",
                "structural/test2/preprocess",
                "structural/test2/preprocess/test2.vcf.gz",
                "structural/test2/preprocess/test2.vcf.gz.tbi",
                "structural/test2/stats",
                "structural/test2/stats/bcftools",
                "structural/test2/stats/bcftools/test2.lumpy.bcftools_stats.txt",
                "structural/test2/stats/survivor",
                "structural/test2/stats/survivor/test2.lumpy_mqc.stats",
                "structural/test3",
                "structural/test3/benchmarks",
                "structural/test3/benchmarks/svanalyzer",
                "structural/test3/benchmarks/svanalyzer/test3.HG002.manta.distances",
                "structural/test3/benchmarks/svanalyzer/test3.HG002.manta.falsenegatives.vcf.gz",
                "structural/test3/benchmarks/svanalyzer/test3.HG002.manta.falsepositives.vcf.gz",
                "structural/test3/benchmarks/svanalyzer/test3.HG002.manta.log",
                "structural/test3/benchmarks/svanalyzer/test3.HG002.manta.report",
                "structural/test3/preprocess",
                "structural/test3/preprocess/test3.vcf.gz",
                "structural/test3/preprocess/test3.vcf.gz.tbi",
                "structural/test3/stats",
                "structural/test3/stats/bcftools",
                "structural/test3/stats/bcftools/test3.manta.bcftools_stats.txt",
                "structural/test3/stats/survivor",
                "structural/test3/stats/survivor/test3.manta_mqc.stats"
            ],
            [
                "HG002.bcftools_stats.txt:md5,d41d8cd98f00b204e9800998ecf8427e",
                "HG002_mqc.stats:md5,d41d8cd98f00b204e9800998ecf8427e",
                "test1.HG002.delly.distances:md5,d41d8cd98f00b204e9800998ecf8427e",
                "test1.HG002.delly.report:md5,d41d8cd98f00b204e9800998ecf8427e",
                "test1.delly.bcftools_stats.txt:md5,d41d8cd98f00b204e9800998ecf8427e",
                "test1.delly_mqc.stats:md5,d41d8cd98f00b204e9800998ecf8427e",
                "test2.HG002.lumpy.distances:md5,d41d8cd98f00b204e9800998ecf8427e",
                "test2.HG002.lumpy.report:md5,d41d8cd98f00b204e9800998ecf8427e",
                "test2.lumpy.bcftools_stats.txt:md5,d41d8cd98f00b204e9800998ecf8427e",
                "test2.lumpy_mqc.stats:md5,d41d8cd98f00b204e9800998ecf8427e",
                "test3.HG002.manta.distances:md5,d41d8cd98f00b204e9800998ecf8427e",
                "test3.HG002.manta.report:md5,d41d8cd98f00b204e9800998ecf8427e",
                "test3.manta.bcftools_stats.txt:md5,d41d8cd98f00b204e9800998ecf8427e",
                "test3.manta_mqc.stats:md5,d41d8cd98f00b204e9800998ecf8427e"
            ]
        ],
        "meta": {
            "nf-test": "0.9.2",
            "nextflow": "24.10.4"
        },
        "timestamp": "2025-01-31T15:21:09.404351906"
    }
}